
[INFO] Docker already installed: Docker version 28.3.3, build 980b856

[INFO] docker compose present: Docker Compose version v2.39.2-desktop.1

[INFO] Python present: Python 3.12.10

[INFO] pip present: pip 25.2 from /Users/mkuzyshyn/Library/Python/3.9/lib/python/site-packages/pip (python 3.9)

[INFO] Installing Python pkg: torch
Defaulting to user installation because normal site-packages is not writeable
Looking in indexes: https://download.pytorch.org/whl/cpu
Requirement already satisfied: torch in /Users/mkuzyshyn/Library/Python/3.9/lib/python/site-packages (2.5.1)
Collecting torch
  Downloading https://download.pytorch.org/whl/cpu/torch-2.8.0-cp39-none-macosx_11_0_arm64.whl.metadata (29 kB)
Requirement already satisfied: filelock in /Users/mkuzyshyn/Library/Python/3.9/lib/python/site-packages (from torch) (3.16.1)
Requirement already satisfied: typing-extensions>=4.10.0 in /Users/mkuzyshyn/Library/Python/3.9/lib/python/site-packages (from torch) (4.12.2)
Collecting sympy>=1.13.3 (from torch)
  Downloading https://download.pytorch.org/whl/sympy-1.13.3-py3-none-any.whl.metadata (12 kB)
Requirement already satisfied: networkx in /Users/mkuzyshyn/Library/Python/3.9/lib/python/site-packages (from torch) (3.2.1)
Requirement already satisfied: jinja2 in /Users/mkuzyshyn/Library/Python/3.9/lib/python/site-packages (from torch) (3.1.4)
Requirement already satisfied: fsspec in /Users/mkuzyshyn/Library/Python/3.9/lib/python/site-packages (from torch) (2024.9.0)
Requirement already satisfied: mpmath<1.4,>=1.1.0 in /Users/mkuzyshyn/Library/Python/3.9/lib/python/site-packages (from sympy>=1.13.3->torch) (1.3.0)
Requirement already satisfied: MarkupSafe>=2.0 in /Users/mkuzyshyn/Library/Python/3.9/lib/python/site-packages (from jinja2->torch) (3.0.2)
Downloading https://download.pytorch.org/whl/cpu/torch-2.8.0-cp39-none-macosx_11_0_arm64.whl (73.5 MB)
   ━━━━━━━━━━━━━━━━━━━━━━━━━━━━━━━━━━━━━━━━ 73.5/73.5 MB 52.7 MB/s  0:00:01
Downloading https://download.pytorch.org/whl/sympy-1.13.3-py3-none-any.whl (6.2 MB)
   ━━━━━━━━━━━━━━━━━━━━━━━━━━━━━━━━━━━━━━━━ 6.2/6.2 MB 48.1 MB/s  0:00:00
Installing collected packages: sympy, torch
  Attempting uninstall: sympy
    Found existing installation: sympy 1.13.1
    Uninstalling sympy-1.13.1:
      Successfully uninstalled sympy-1.13.1
  WARNING: The script isympy is installed in '/Users/mkuzyshyn/Library/Python/3.9/bin' which is not on PATH.
  Consider adding this directory to PATH or, if you prefer to suppress this warning, use --no-warn-script-location.
  Attempting uninstall: torch
    Found existing installation: torch 2.5.1
    Uninstalling torch-2.5.1:
      Successfully uninstalled torch-2.5.1
  WARNING: The scripts torchfrtrace and torchrun are installed in '/Users/mkuzyshyn/Library/Python/3.9/bin' which is not on PATH.
  Consider adding this directory to PATH or, if you prefer to suppress this warning, use --no-warn-script-location.

ERROR: pip's dependency resolver does not currently take into account all the packages that are installed. This behaviour is the source of the following dependency conflicts.
torchvision 0.20.1 requires torch==2.5.1, but you have torch 2.8.0 which is incompatible.
Successfully installed sympy-1.13.3 torch-2.8.0

[INFO] Installing Python pkg: torchvision
Defaulting to user installation because normal site-packages is not writeable
Looking in indexes: https://download.pytorch.org/whl/cpu
Requirement already satisfied: torchvision in /Users/mkuzyshyn/Library/Python/3.9/lib/python/site-packages (0.20.1)
Collecting torchvision
  Downloading https://download.pytorch.org/whl/cpu/torchvision-0.23.0-cp39-cp39-macosx_11_0_arm64.whl.metadata (6.1 kB)
Requirement already satisfied: numpy in /Users/mkuzyshyn/Library/Python/3.9/lib/python/site-packages (from torchvision) (1.26.4)
Requirement already satisfied: torch==2.8.0 in /Users/mkuzyshyn/Library/Python/3.9/lib/python/site-packages (from torchvision) (2.8.0)
Requirement already satisfied: pillow!=8.3.*,>=5.3.0 in /Users/mkuzyshyn/Library/Python/3.9/lib/python/site-packages (from torchvision) (10.4.0)
Requirement already satisfied: filelock in /Users/mkuzyshyn/Library/Python/3.9/lib/python/site-packages (from torch==2.8.0->torchvision) (3.16.1)
Requirement already satisfied: typing-extensions>=4.10.0 in /Users/mkuzyshyn/Library/Python/3.9/lib/python/site-packages (from torch==2.8.0->torchvision) (4.12.2)
Requirement already satisfied: sympy>=1.13.3 in /Users/mkuzyshyn/Library/Python/3.9/lib/python/site-packages (from torch==2.8.0->torchvision) (1.13.3)
Requirement already satisfied: networkx in /Users/mkuzyshyn/Library/Python/3.9/lib/python/site-packages (from torch==2.8.0->torchvision) (3.2.1)
Requirement already satisfied: jinja2 in /Users/mkuzyshyn/Library/Python/3.9/lib/python/site-packages (from torch==2.8.0->torchvision) (3.1.4)
Requirement already satisfied: fsspec in /Users/mkuzyshyn/Library/Python/3.9/lib/python/site-packages (from torch==2.8.0->torchvision) (2024.9.0)
Requirement already satisfied: mpmath<1.4,>=1.1.0 in /Users/mkuzyshyn/Library/Python/3.9/lib/python/site-packages (from sympy>=1.13.3->torch==2.8.0->torchvision) (1.3.0)
Requirement already satisfied: MarkupSafe>=2.0 in /Users/mkuzyshyn/Library/Python/3.9/lib/python/site-packages (from jinja2->torch==2.8.0->torchvision) (3.0.2)
Downloading https://download.pytorch.org/whl/cpu/torchvision-0.23.0-cp39-cp39-macosx_11_0_arm64.whl (1.9 MB)
   ━━━━━━━━━━━━━━━━━━━━━━━━━━━━━━━━━━━━━━━━ 1.9/1.9 MB 14.4 MB/s  0:00:00
Installing collected packages: torchvision
  Attempting uninstall: torchvision
    Found existing installation: torchvision 0.20.1
    Uninstalling torchvision-0.20.1:
      Successfully uninstalled torchvision-0.20.1
Successfully installed torchvision-0.23.0

[INFO] Installing Python pkg: pillow
Defaulting to user installation because normal site-packages is not writeable
Requirement already satisfied: pillow in /Users/mkuzyshyn/Library/Python/3.9/lib/python/site-packages (10.4.0)
Collecting pillow
  Downloading pillow-11.3.0-cp39-cp39-macosx_11_0_arm64.whl.metadata (9.0 kB)
Downloading pillow-11.3.0-cp39-cp39-macosx_11_0_arm64.whl (4.7 MB)
   ━━━━━━━━━━━━━━━━━━━━━━━━━━━━━━━━━━━━━━━━ 4.7/4.7 MB 12.4 MB/s  0:00:00
Installing collected packages: pillow
  Attempting uninstall: pillow
    Found existing installation: pillow 10.4.0
    Uninstalling pillow-10.4.0:
      Successfully uninstalled pillow-10.4.0
Successfully installed pillow-11.3.0

[INFO] Installing Python pkg: Django
Defaulting to user installation because normal site-packages is not writeable
Collecting Django
  Downloading django-4.2.24-py3-none-any.whl.metadata (4.2 kB)
Collecting asgiref<4,>=3.6.0 (from Django)
  Downloading asgiref-3.9.1-py3-none-any.whl.metadata (9.3 kB)
Collecting sqlparse>=0.3.1 (from Django)
  Downloading sqlparse-0.5.3-py3-none-any.whl.metadata (3.9 kB)
Requirement already satisfied: typing_extensions>=4 in /Users/mkuzyshyn/Library/Python/3.9/lib/python/site-packages (from asgiref<4,>=3.6.0->Django) (4.12.2)
Downloading django-4.2.24-py3-none-any.whl (8.0 MB)
   ━━━━━━━━━━━━━━━━━━━━━━━━━━━━━━━━━━━━━━━━ 8.0/8.0 MB 26.5 MB/s  0:00:00
Downloading asgiref-3.9.1-py3-none-any.whl (23 kB)
Downloading sqlparse-0.5.3-py3-none-any.whl (44 kB)
Installing collected packages: sqlparse, asgiref, Django
  WARNING: The script sqlformat is installed in '/Users/mkuzyshyn/Library/Python/3.9/bin' which is not on PATH.
  Consider adding this directory to PATH or, if you prefer to suppress this warning, use --no-warn-script-location.
  WARNING: The script django-admin is installed in '/Users/mkuzyshyn/Library/Python/3.9/bin' which is not on PATH.
  Consider adding this directory to PATH or, if you prefer to suppress this warning, use --no-warn-script-location.

Successfully installed Django-4.2.24 asgiref-3.9.1 sqlparse-0.5.3

[INFO] ✅ Done. Environment ready!
